// Jest Snapshot v1, https://goo.gl/fbAQLP

exports[`PopularList test Test PopularList snapshot 1`] = `
<SideEffect(DocumentTitle)
  title="Top"
>
  <InfiniteScroll
    element="div"
    getScrollParent={null}
    hasMore={true}
    initialLoad={true}
    isReverse={false}
    loadMore={[Function]}
    loader={<WithStyles(Loading) />}
    pageStart={0}
    ref={null}
    threshold={250}
    useCapture={false}
    useWindow={true}
  >
    <div
      className="Top-root-1"
    >
      <WithStyles(Grid)
        container={true}
        justify="center"
        spacing={8}
      />
    </div>
  </InfiniteScroll>
</SideEffect(DocumentTitle)>
`;

exports[`PopularList test Test PopularList snapshot 2`] = `
<SideEffect(DocumentTitle)
  title="Top"
>
  <InfiniteScroll
    element="div"
    getScrollParent={null}
    hasMore={true}
    initialLoad={true}
    isReverse={false}
    loadMore={[Function]}
    loader={<WithStyles(Loading) />}
    pageStart={0}
    ref={null}
    threshold={250}
    useCapture={false}
    useWindow={true}
  >
    <div
      className="Top-root-1"
    >
      <WithStyles(Grid)
        container={true}
        justify="center"
        spacing={8}
      >
        <WithStyles(AnimePreview)
          image_url="https://cdn.myanimelist.net/images/anime/1223/96541.jpg?s=faffcb677a5eacd17bf761edd78bfb3f"
          key="5114"
          mal_id={5114}
          title="Fullmetal Alchemist: Brotherhood"
        />
        <WithStyles(AnimePreview)
          image_url="https://cdn.myanimelist.net/images/anime/5/87048.jpg?s=2bca128fcb9dfd6d0908f3d9986576c6"
          key="32281"
          mal_id={32281}
          title="Kimi no Na wa."
        />
        <WithStyles(AnimePreview)
          image_url="https://cdn.myanimelist.net/images/anime/5/73199.jpg?s=97b97d568f25a02cf5a22dda13b5371f"
          key="9253"
          mal_id={9253}
          title="Steins;Gate"
        />
        <WithStyles(AnimePreview)
          image_url="https://cdn.myanimelist.net/images/anime/3/72078.jpg?s=e9537ac90c08758594c787ede117f209"
          key="28977"
          mal_id={28977}
          title="GintamaÂ°"
        />
        <WithStyles(AnimePreview)
          image_url="https://cdn.myanimelist.net/images/anime/11/33657.jpg?s=5724d8c22ae7a1dad72d8f4229ef803f"
          key="11061"
          mal_id={11061}
          title="Hunter x Hunter (2011)"
        />
        <WithStyles(AnimePreview)
          image_url="https://cdn.myanimelist.net/images/anime/13/13225.jpg?s=385cedad342e284c5765833ab1cddc1c"
          key="820"
          mal_id={820}
          title="Ginga Eiyuu Densetsu"
        />
        <WithStyles(AnimePreview)
          image_url="https://cdn.myanimelist.net/images/anime/4/50361.jpg?s=b3a061db8c3d42a055d58f9df1f3dac7"
          key="9969"
          mal_id={9969}
          title="Gintama'"
        />
        <WithStyles(AnimePreview)
          image_url="https://cdn.myanimelist.net/images/anime/3/88469.jpg?s=becfbf556902bc3501e06a07354b9d76"
          key="35180"
          mal_id={35180}
          title="3-gatsu no Lion 2nd Season"
        />
        <WithStyles(AnimePreview)
          image_url="https://cdn.myanimelist.net/images/anime/6/75172.jpg?s=38a6e800ace5bcbee7a17b6c351ba987"
          key="15417"
          mal_id={15417}
          title="Gintama': Enchousen"
        />
        <WithStyles(AnimePreview)
          image_url="https://cdn.myanimelist.net/images/anime/1122/96435.jpg?s=56d2750d600af93a5d326daec7748cae"
          key="28851"
          mal_id={28851}
          title="Koe no Katachi"
        />
        <WithStyles(AnimePreview)
          image_url="https://cdn.myanimelist.net/images/anime/10/51723.jpg?s=27cd24446486572fb64c42a689d38902"
          key="15335"
          mal_id={15335}
          title="Gintama Movie 2: Kanketsu-hen - Yorozuya yo Eien Nare"
        />
        <WithStyles(AnimePreview)
          image_url="https://cdn.myanimelist.net/images/anime/13/24647.jpg?s=316823146f54557fbe7518a81f4fc57f"
          key="4181"
          mal_id={4181}
          title="Clannad: After Story"
        />
        <WithStyles(AnimePreview)
          image_url="https://cdn.myanimelist.net/images/anime/10/73274.jpg?s=ed42453c10ba12b03b1600d02725a174"
          key="918"
          mal_id={918}
          title="Gintama"
        />
        <WithStyles(AnimePreview)
          image_url="https://cdn.myanimelist.net/images/anime/3/83528.jpg?s=948f092dd55fb2572f38a0e21f03b642"
          key="34096"
          mal_id={34096}
          title="Gintama."
        />
        <WithStyles(AnimePreview)
          image_url="https://cdn.myanimelist.net/images/anime/6/87322.jpg?s=3e60507a4b6016d83e7433aa4cb7853e"
          key="35247"
          mal_id={35247}
          title="Owarimonogatari 2nd Season"
        />
        <WithStyles(AnimePreview)
          image_url="https://cdn.myanimelist.net/images/anime/7/81992.jpg?s=6d977383e0b5dc1ba1c122213178e547"
          key="32935"
          mal_id={32935}
          title="Haikyuu!!: Karasuno Koukou vs. Shiratorizawa Gakuen Koukou"
        />
        <WithStyles(AnimePreview)
          image_url="https://cdn.myanimelist.net/images/anime/4/9391.jpg?s=be052972605dd5422ef2df117766cff0"
          key="2904"
          mal_id={2904}
          title="Code Geass: Hangyaku no Lelouch R2"
        />
        <WithStyles(AnimePreview)
          image_url="https://cdn.myanimelist.net/images/anime/6/79597.jpg?s=1f170071bc9a54ce2ba3c0d8c7aa6927"
          key="199"
          mal_id={199}
          title="Sen to Chihiro no Kamikakushi"
        />
        <WithStyles(AnimePreview)
          image_url="https://cdn.myanimelist.net/images/anime/1922/91900.jpg?s=23ed65f97696d10ba66163856a7ceb78"
          key="34599"
          mal_id={34599}
          title="Made in Abyss"
        />
        <WithStyles(AnimePreview)
          image_url="https://cdn.myanimelist.net/images/anime/3/67177.jpg?s=bc267f764bffe825e1e8d60f7185a2e9"
          key="23273"
          mal_id={23273}
          title="Shigatsu wa Kimi no Uso"
        />
        <WithStyles(AnimePreview)
          image_url="https://cdn.myanimelist.net/images/anime/9/76662.jpg?s=06ccfffc7b27ac5532d268b9934a224a"
          key="28891"
          mal_id={28891}
          title="Haikyuu!! Second Season"
        />
        <WithStyles(AnimePreview)
          image_url="https://cdn.myanimelist.net/images/anime/8/82911.jpg?s=6f538e59906821d20b400cfd39d46f56"
          key="31758"
          mal_id={31758}
          title="Kizumonogatari III: Reiketsu-hen"
        />
        <WithStyles(AnimePreview)
          image_url="https://cdn.myanimelist.net/images/anime/10/82947.jpg?s=9f1dd28adde3fea5a733d1cfd7be7ad6"
          key="33095"
          mal_id={33095}
          title="Shouwa Genroku Rakugo Shinjuu: Sukeroku Futatabi-hen"
        />
        <WithStyles(AnimePreview)
          image_url="https://cdn.myanimelist.net/images/anime/1776/96566.jpg?s=e1aed468f049dd9444375e9149d33d65"
          key="37491"
          mal_id={37491}
          title="Gintama.: Shirogane no Tamashii-hen - Kouhan-sen"
        />
        <WithStyles(AnimePreview)
          image_url="https://cdn.myanimelist.net/images/anime/12/89603.jpg?s=635cb89402d5d39f43767f3942e91206"
          key="36838"
          mal_id={36838}
          title="Gintama.: Shirogane no Tamashii-hen"
        />
        <WithStyles(AnimePreview)
          image_url="https://cdn.myanimelist.net/images/anime/4/19644.jpg?s=bb1e96eb0a0224a57aa45443eab92575"
          key="1"
          mal_id={1}
          title="Cowboy Bebop"
        />
        <WithStyles(AnimePreview)
          image_url="https://cdn.myanimelist.net/images/anime/1572/95010.jpg?s=88db8e76960fce4e7aaa69f71cfbb4cb"
          key="37991"
          mal_id={37991}
          title="JoJo no Kimyou na Bouken: Ougon no Kaze"
        />
        <WithStyles(AnimePreview)
          image_url="https://cdn.myanimelist.net/images/anime/9/68095.jpg?s=6025adedafce15a9d2c9363e225241ba"
          key="24701"
          mal_id={24701}
          title="Mushishi Zoku Shou 2nd Season"
        />
        <WithStyles(AnimePreview)
          image_url="https://cdn.myanimelist.net/images/anime/10/2025.jpg?s=fdb821ca62657cba4df132dea7baa387"
          key="263"
          mal_id={263}
          title="Hajime no Ippo"
        />
        <WithStyles(AnimePreview)
          image_url="https://cdn.myanimelist.net/images/anime/7/75919.jpg?s=0d877ed9aa60cc49fdb128a2f68386e2"
          key="164"
          mal_id={164}
          title="Mononoke Hime"
        />
        <WithStyles(AnimePreview)
          image_url="https://cdn.myanimelist.net/images/anime/5/50331.jpg?s=afd09d7e5d76283418a1a22e7c122ca9"
          key="1575"
          mal_id={1575}
          title="Code Geass: Hangyaku no Lelouch"
        />
        <WithStyles(AnimePreview)
          image_url="https://cdn.myanimelist.net/images/anime/1899/94562.jpg?s=22f366cd920bfe56e26e000170631e7f"
          key="44"
          mal_id={44}
          title="Rurouni Kenshin: Meiji Kenkaku Romantan - Tsuioku-hen"
        />
        <WithStyles(AnimePreview)
          image_url="https://cdn.myanimelist.net/images/anime/3/52133.jpg?s=b22811f98b26399cd65787af1447848c"
          key="17074"
          mal_id={17074}
          title="Monogatari Series: Second Season"
        />
        <WithStyles(AnimePreview)
          image_url="https://cdn.myanimelist.net/images/anime/13/58533.jpg?s=ff40f900ea0877725ccde517b126c531"
          key="21939"
          mal_id={21939}
          title="Mushishi Zoku Shou"
        />
        <WithStyles(AnimePreview)
          image_url="https://cdn.myanimelist.net/images/anime/9/35721.jpg?s=3cb7f7062c2ef1c69ab18d7e3c04af2b"
          key="12355"
          mal_id={12355}
          title="Ookami Kodomo no Ame to Yuki"
        />
        <WithStyles(AnimePreview)
          image_url="https://cdn.myanimelist.net/images/anime/13/11460.jpg?s=7e890b7e93b7b57c2de4aa90211931bd"
          key="245"
          mal_id={245}
          title="Great Teacher Onizuka"
        />
        <WithStyles(AnimePreview)
          image_url="https://cdn.myanimelist.net/images/anime/2/73862.jpg?s=d976f75f480430a0c9fde4455696131d"
          key="457"
          mal_id={457}
          title="Mushishi"
        />
        <WithStyles(AnimePreview)
          image_url="https://cdn.myanimelist.net/images/anime/4/5123.jpg?s=15bb64e0c8b13acfa5d0761308b66f59"
          key="2001"
          mal_id={2001}
          title="Tengen Toppa Gurren Lagann"
        />
        <WithStyles(AnimePreview)
          image_url="https://cdn.myanimelist.net/images/anime/12/85221.jpg?s=bc4bd0a738a03bfe9176c5d83dc6f65e"
          key="33486"
          mal_id={33486}
          title="Boku no Hero Academia 2nd Season"
        />
        <WithStyles(AnimePreview)
          image_url="https://cdn.myanimelist.net/images/anime/8/56617.jpg?s=4c8a3a8180c114c3771eb183e5318a0e"
          key="5258"
          mal_id={5258}
          title="Hajime no Ippo: New Challenger"
        />
        <WithStyles(AnimePreview)
          image_url="https://cdn.myanimelist.net/images/anime/5/75810.jpg?s=2b3056507119467116017b42d3e1da8b"
          key="431"
          mal_id={431}
          title="Howl no Ugoku Shiro"
        />
        <WithStyles(AnimePreview)
          image_url="https://cdn.myanimelist.net/images/anime/6/84416.jpg?s=931f8a6bfc42adf9257eeb7641bad75e"
          key="34591"
          mal_id={34591}
          title="Natsume Yuujinchou Roku"
        />
        <WithStyles(AnimePreview)
          image_url="https://cdn.myanimelist.net/images/anime/1768/93291.jpg?s=9511a058515d30808733fff309b97756"
          key="36098"
          mal_id={36098}
          title="Kimi no Suizou wo Tabetai"
        />
        <WithStyles(AnimePreview)
          image_url="https://cdn.myanimelist.net/images/anime/3/37449.jpg?s=2bb045b3120e6a3a23257bb39689ae30"
          key="11665"
          mal_id={11665}
          title="Natsume Yuujinchou Shi"
        />
        <WithStyles(AnimePreview)
          image_url="https://cdn.myanimelist.net/images/anime/12/76049.jpg?s=40b6c7dbbbb94c44675116d301150078"
          key="30276"
          mal_id={30276}
          title="One Punch Man"
        />
        <WithStyles(AnimePreview)
          image_url="https://cdn.myanimelist.net/images/anime/2/73842.jpg?s=b203b8eab5c8f6752221df27efa7fbf8"
          key="7311"
          mal_id={7311}
          title="Suzumiya Haruhi no Shoushitsu"
        />
        <WithStyles(AnimePreview)
          image_url="https://cdn.myanimelist.net/images/anime/1319/92084.jpg?s=35232941f9c872fd1f5af37fa389452b"
          key="36456"
          mal_id={36456}
          title="Boku no Hero Academia 3rd Season"
        />
        <WithStyles(AnimePreview)
          image_url="https://cdn.myanimelist.net/images/anime/10/18793.jpg?s=08c4f10a101c3835eeb14ca0715512bd"
          key="19"
          mal_id={19}
          title="Monster"
        />
        <WithStyles(AnimePreview)
          image_url="https://cdn.myanimelist.net/images/anime/9/72689.jpg?s=58cb067cc48352b42e376589c0b4dfcc"
          key="28957"
          mal_id={28957}
          title="Mushishi Zoku Shou: Suzu no Shizuku"
        />
        <WithStyles(AnimePreview)
          image_url="https://cdn.myanimelist.net/images/anime/8/80930.jpg?s=de2bcdaf000577a711b9fc67a73d3061"
          key="31757"
          mal_id={31757}
          title="Kizumonogatari II: Nekketsu-hen"
        />
      </WithStyles(Grid)>
    </div>
  </InfiniteScroll>
</SideEffect(DocumentTitle)>
`;

exports[`PopularList test Test PopularList snapshot 3`] = `
<SideEffect(DocumentTitle)
  title="Top"
>
  <InfiniteScroll
    element="div"
    getScrollParent={null}
    hasMore={true}
    initialLoad={true}
    isReverse={false}
    loadMore={[Function]}
    loader={<WithStyles(Loading) />}
    pageStart={0}
    ref={null}
    threshold={250}
    useCapture={false}
    useWindow={true}
  >
    <div
      className="Top-root-1"
    >
      <WithStyles(Grid)
        container={true}
        justify="center"
        spacing={8}
      >
        <WithStyles(AnimePreview)
          image_url="https://cdn.myanimelist.net/images/anime/1223/96541.jpg?s=faffcb677a5eacd17bf761edd78bfb3f"
          key="5114"
          mal_id={5114}
          title="Fullmetal Alchemist: Brotherhood"
        />
        <WithStyles(AnimePreview)
          image_url="https://cdn.myanimelist.net/images/anime/5/87048.jpg?s=2bca128fcb9dfd6d0908f3d9986576c6"
          key="32281"
          mal_id={32281}
          title="Kimi no Na wa."
        />
        <WithStyles(AnimePreview)
          image_url="https://cdn.myanimelist.net/images/anime/5/73199.jpg?s=97b97d568f25a02cf5a22dda13b5371f"
          key="9253"
          mal_id={9253}
          title="Steins;Gate"
        />
        <WithStyles(AnimePreview)
          image_url="https://cdn.myanimelist.net/images/anime/3/72078.jpg?s=e9537ac90c08758594c787ede117f209"
          key="28977"
          mal_id={28977}
          title="GintamaÂ°"
        />
        <WithStyles(AnimePreview)
          image_url="https://cdn.myanimelist.net/images/anime/11/33657.jpg?s=5724d8c22ae7a1dad72d8f4229ef803f"
          key="11061"
          mal_id={11061}
          title="Hunter x Hunter (2011)"
        />
        <WithStyles(AnimePreview)
          image_url="https://cdn.myanimelist.net/images/anime/13/13225.jpg?s=385cedad342e284c5765833ab1cddc1c"
          key="820"
          mal_id={820}
          title="Ginga Eiyuu Densetsu"
        />
        <WithStyles(AnimePreview)
          image_url="https://cdn.myanimelist.net/images/anime/4/50361.jpg?s=b3a061db8c3d42a055d58f9df1f3dac7"
          key="9969"
          mal_id={9969}
          title="Gintama'"
        />
        <WithStyles(AnimePreview)
          image_url="https://cdn.myanimelist.net/images/anime/3/88469.jpg?s=becfbf556902bc3501e06a07354b9d76"
          key="35180"
          mal_id={35180}
          title="3-gatsu no Lion 2nd Season"
        />
        <WithStyles(AnimePreview)
          image_url="https://cdn.myanimelist.net/images/anime/6/75172.jpg?s=38a6e800ace5bcbee7a17b6c351ba987"
          key="15417"
          mal_id={15417}
          title="Gintama': Enchousen"
        />
        <WithStyles(AnimePreview)
          image_url="https://cdn.myanimelist.net/images/anime/1122/96435.jpg?s=56d2750d600af93a5d326daec7748cae"
          key="28851"
          mal_id={28851}
          title="Koe no Katachi"
        />
        <WithStyles(AnimePreview)
          image_url="https://cdn.myanimelist.net/images/anime/10/51723.jpg?s=27cd24446486572fb64c42a689d38902"
          key="15335"
          mal_id={15335}
          title="Gintama Movie 2: Kanketsu-hen - Yorozuya yo Eien Nare"
        />
        <WithStyles(AnimePreview)
          image_url="https://cdn.myanimelist.net/images/anime/13/24647.jpg?s=316823146f54557fbe7518a81f4fc57f"
          key="4181"
          mal_id={4181}
          title="Clannad: After Story"
        />
        <WithStyles(AnimePreview)
          image_url="https://cdn.myanimelist.net/images/anime/10/73274.jpg?s=ed42453c10ba12b03b1600d02725a174"
          key="918"
          mal_id={918}
          title="Gintama"
        />
        <WithStyles(AnimePreview)
          image_url="https://cdn.myanimelist.net/images/anime/3/83528.jpg?s=948f092dd55fb2572f38a0e21f03b642"
          key="34096"
          mal_id={34096}
          title="Gintama."
        />
        <WithStyles(AnimePreview)
          image_url="https://cdn.myanimelist.net/images/anime/6/87322.jpg?s=3e60507a4b6016d83e7433aa4cb7853e"
          key="35247"
          mal_id={35247}
          title="Owarimonogatari 2nd Season"
        />
        <WithStyles(AnimePreview)
          image_url="https://cdn.myanimelist.net/images/anime/7/81992.jpg?s=6d977383e0b5dc1ba1c122213178e547"
          key="32935"
          mal_id={32935}
          title="Haikyuu!!: Karasuno Koukou vs. Shiratorizawa Gakuen Koukou"
        />
        <WithStyles(AnimePreview)
          image_url="https://cdn.myanimelist.net/images/anime/4/9391.jpg?s=be052972605dd5422ef2df117766cff0"
          key="2904"
          mal_id={2904}
          title="Code Geass: Hangyaku no Lelouch R2"
        />
        <WithStyles(AnimePreview)
          image_url="https://cdn.myanimelist.net/images/anime/6/79597.jpg?s=1f170071bc9a54ce2ba3c0d8c7aa6927"
          key="199"
          mal_id={199}
          title="Sen to Chihiro no Kamikakushi"
        />
        <WithStyles(AnimePreview)
          image_url="https://cdn.myanimelist.net/images/anime/1922/91900.jpg?s=23ed65f97696d10ba66163856a7ceb78"
          key="34599"
          mal_id={34599}
          title="Made in Abyss"
        />
        <WithStyles(AnimePreview)
          image_url="https://cdn.myanimelist.net/images/anime/3/67177.jpg?s=bc267f764bffe825e1e8d60f7185a2e9"
          key="23273"
          mal_id={23273}
          title="Shigatsu wa Kimi no Uso"
        />
        <WithStyles(AnimePreview)
          image_url="https://cdn.myanimelist.net/images/anime/9/76662.jpg?s=06ccfffc7b27ac5532d268b9934a224a"
          key="28891"
          mal_id={28891}
          title="Haikyuu!! Second Season"
        />
        <WithStyles(AnimePreview)
          image_url="https://cdn.myanimelist.net/images/anime/8/82911.jpg?s=6f538e59906821d20b400cfd39d46f56"
          key="31758"
          mal_id={31758}
          title="Kizumonogatari III: Reiketsu-hen"
        />
        <WithStyles(AnimePreview)
          image_url="https://cdn.myanimelist.net/images/anime/10/82947.jpg?s=9f1dd28adde3fea5a733d1cfd7be7ad6"
          key="33095"
          mal_id={33095}
          title="Shouwa Genroku Rakugo Shinjuu: Sukeroku Futatabi-hen"
        />
        <WithStyles(AnimePreview)
          image_url="https://cdn.myanimelist.net/images/anime/1776/96566.jpg?s=e1aed468f049dd9444375e9149d33d65"
          key="37491"
          mal_id={37491}
          title="Gintama.: Shirogane no Tamashii-hen - Kouhan-sen"
        />
        <WithStyles(AnimePreview)
          image_url="https://cdn.myanimelist.net/images/anime/12/89603.jpg?s=635cb89402d5d39f43767f3942e91206"
          key="36838"
          mal_id={36838}
          title="Gintama.: Shirogane no Tamashii-hen"
        />
        <WithStyles(AnimePreview)
          image_url="https://cdn.myanimelist.net/images/anime/4/19644.jpg?s=bb1e96eb0a0224a57aa45443eab92575"
          key="1"
          mal_id={1}
          title="Cowboy Bebop"
        />
        <WithStyles(AnimePreview)
          image_url="https://cdn.myanimelist.net/images/anime/1572/95010.jpg?s=88db8e76960fce4e7aaa69f71cfbb4cb"
          key="37991"
          mal_id={37991}
          title="JoJo no Kimyou na Bouken: Ougon no Kaze"
        />
        <WithStyles(AnimePreview)
          image_url="https://cdn.myanimelist.net/images/anime/9/68095.jpg?s=6025adedafce15a9d2c9363e225241ba"
          key="24701"
          mal_id={24701}
          title="Mushishi Zoku Shou 2nd Season"
        />
        <WithStyles(AnimePreview)
          image_url="https://cdn.myanimelist.net/images/anime/10/2025.jpg?s=fdb821ca62657cba4df132dea7baa387"
          key="263"
          mal_id={263}
          title="Hajime no Ippo"
        />
        <WithStyles(AnimePreview)
          image_url="https://cdn.myanimelist.net/images/anime/7/75919.jpg?s=0d877ed9aa60cc49fdb128a2f68386e2"
          key="164"
          mal_id={164}
          title="Mononoke Hime"
        />
        <WithStyles(AnimePreview)
          image_url="https://cdn.myanimelist.net/images/anime/5/50331.jpg?s=afd09d7e5d76283418a1a22e7c122ca9"
          key="1575"
          mal_id={1575}
          title="Code Geass: Hangyaku no Lelouch"
        />
        <WithStyles(AnimePreview)
          image_url="https://cdn.myanimelist.net/images/anime/1899/94562.jpg?s=22f366cd920bfe56e26e000170631e7f"
          key="44"
          mal_id={44}
          title="Rurouni Kenshin: Meiji Kenkaku Romantan - Tsuioku-hen"
        />
        <WithStyles(AnimePreview)
          image_url="https://cdn.myanimelist.net/images/anime/3/52133.jpg?s=b22811f98b26399cd65787af1447848c"
          key="17074"
          mal_id={17074}
          title="Monogatari Series: Second Season"
        />
        <WithStyles(AnimePreview)
          image_url="https://cdn.myanimelist.net/images/anime/13/58533.jpg?s=ff40f900ea0877725ccde517b126c531"
          key="21939"
          mal_id={21939}
          title="Mushishi Zoku Shou"
        />
        <WithStyles(AnimePreview)
          image_url="https://cdn.myanimelist.net/images/anime/9/35721.jpg?s=3cb7f7062c2ef1c69ab18d7e3c04af2b"
          key="12355"
          mal_id={12355}
          title="Ookami Kodomo no Ame to Yuki"
        />
        <WithStyles(AnimePreview)
          image_url="https://cdn.myanimelist.net/images/anime/13/11460.jpg?s=7e890b7e93b7b57c2de4aa90211931bd"
          key="245"
          mal_id={245}
          title="Great Teacher Onizuka"
        />
        <WithStyles(AnimePreview)
          image_url="https://cdn.myanimelist.net/images/anime/2/73862.jpg?s=d976f75f480430a0c9fde4455696131d"
          key="457"
          mal_id={457}
          title="Mushishi"
        />
        <WithStyles(AnimePreview)
          image_url="https://cdn.myanimelist.net/images/anime/4/5123.jpg?s=15bb64e0c8b13acfa5d0761308b66f59"
          key="2001"
          mal_id={2001}
          title="Tengen Toppa Gurren Lagann"
        />
        <WithStyles(AnimePreview)
          image_url="https://cdn.myanimelist.net/images/anime/12/85221.jpg?s=bc4bd0a738a03bfe9176c5d83dc6f65e"
          key="33486"
          mal_id={33486}
          title="Boku no Hero Academia 2nd Season"
        />
        <WithStyles(AnimePreview)
          image_url="https://cdn.myanimelist.net/images/anime/8/56617.jpg?s=4c8a3a8180c114c3771eb183e5318a0e"
          key="5258"
          mal_id={5258}
          title="Hajime no Ippo: New Challenger"
        />
        <WithStyles(AnimePreview)
          image_url="https://cdn.myanimelist.net/images/anime/5/75810.jpg?s=2b3056507119467116017b42d3e1da8b"
          key="431"
          mal_id={431}
          title="Howl no Ugoku Shiro"
        />
        <WithStyles(AnimePreview)
          image_url="https://cdn.myanimelist.net/images/anime/6/84416.jpg?s=931f8a6bfc42adf9257eeb7641bad75e"
          key="34591"
          mal_id={34591}
          title="Natsume Yuujinchou Roku"
        />
        <WithStyles(AnimePreview)
          image_url="https://cdn.myanimelist.net/images/anime/1768/93291.jpg?s=9511a058515d30808733fff309b97756"
          key="36098"
          mal_id={36098}
          title="Kimi no Suizou wo Tabetai"
        />
        <WithStyles(AnimePreview)
          image_url="https://cdn.myanimelist.net/images/anime/3/37449.jpg?s=2bb045b3120e6a3a23257bb39689ae30"
          key="11665"
          mal_id={11665}
          title="Natsume Yuujinchou Shi"
        />
        <WithStyles(AnimePreview)
          image_url="https://cdn.myanimelist.net/images/anime/12/76049.jpg?s=40b6c7dbbbb94c44675116d301150078"
          key="30276"
          mal_id={30276}
          title="One Punch Man"
        />
        <WithStyles(AnimePreview)
          image_url="https://cdn.myanimelist.net/images/anime/2/73842.jpg?s=b203b8eab5c8f6752221df27efa7fbf8"
          key="7311"
          mal_id={7311}
          title="Suzumiya Haruhi no Shoushitsu"
        />
        <WithStyles(AnimePreview)
          image_url="https://cdn.myanimelist.net/images/anime/1319/92084.jpg?s=35232941f9c872fd1f5af37fa389452b"
          key="36456"
          mal_id={36456}
          title="Boku no Hero Academia 3rd Season"
        />
        <WithStyles(AnimePreview)
          image_url="https://cdn.myanimelist.net/images/anime/10/18793.jpg?s=08c4f10a101c3835eeb14ca0715512bd"
          key="19"
          mal_id={19}
          title="Monster"
        />
        <WithStyles(AnimePreview)
          image_url="https://cdn.myanimelist.net/images/anime/9/72689.jpg?s=58cb067cc48352b42e376589c0b4dfcc"
          key="28957"
          mal_id={28957}
          title="Mushishi Zoku Shou: Suzu no Shizuku"
        />
        <WithStyles(AnimePreview)
          image_url="https://cdn.myanimelist.net/images/anime/8/80930.jpg?s=de2bcdaf000577a711b9fc67a73d3061"
          key="31757"
          mal_id={31757}
          title="Kizumonogatari II: Nekketsu-hen"
        />
        <WithStyles(AnimePreview)
          image_url="https://myanimelist.cdn-dena.com/images/anime/1768/93291.jpg?s=9511a058515d30808733fff309b97756"
          key="36098"
          mal_id={36098}
          title="Kimi no Suizou wo Tabetai"
        />
        <WithStyles(AnimePreview)
          image_url="https://myanimelist.cdn-dena.com/images/anime/9/9453.jpg?s=b89e80691ac5cc0610847ccbe0b8424a"
          key="1535"
          mal_id={1535}
          title="Death Note"
        />
        <WithStyles(AnimePreview)
          image_url="https://myanimelist.cdn-dena.com/images/anime/1564/90277.jpg?s=ccbed6d434d244fa97227b8ff045ec8d"
          key="37208"
          mal_id={37208}
          title="Mo Dao Zu Shi"
        />
        <WithStyles(AnimePreview)
          image_url="https://myanimelist.cdn-dena.com/images/anime/1125/96929.jpg?s=56b9d911caa0f0039dddef17c9977acb"
          key="37779"
          mal_id={37779}
          title="Yakusoku no Neverland"
        />
        <WithStyles(AnimePreview)
          image_url="https://myanimelist.cdn-dena.com/images/anime/6/41845.jpg?s=3e8c09dddfce41e17d602c0cd81875e1"
          key="12365"
          mal_id={12365}
          title="Bakuman. 3rd Season"
        />
        <WithStyles(AnimePreview)
          image_url="https://myanimelist.cdn-dena.com/images/anime/7/76014.jpg?s=ef5c00cb929dcd690c87f56e6d1b0c8a"
          key="20583"
          mal_id={20583}
          title="Haikyuu!!"
        />
        <WithStyles(AnimePreview)
          image_url="https://myanimelist.cdn-dena.com/images/anime/6/56147.jpg?s=7e50339d044aed8909d36bb9afa331d3"
          key="19647"
          mal_id={19647}
          title="Hajime no Ippo: Rising"
        />
        <WithStyles(AnimePreview)
          image_url="https://myanimelist.cdn-dena.com/images/anime/1961/91383.jpg?s=98a1123f1f794ba0c851840461394e4f"
          key="34612"
          mal_id={34612}
          title="Saiki Kusuo no Î¨-nan 2"
        />
        <WithStyles(AnimePreview)
          image_url="https://myanimelist.cdn-dena.com/images/anime/10/50457.jpg?s=e159597465fa4799df1f8128a8683750"
          key="7785"
          mal_id={7785}
          title="Yojouhan Shinwa Taikei"
        />
        <WithStyles(AnimePreview)
          image_url="https://myanimelist.cdn-dena.com/images/anime/8/77966.jpg?s=4161bf9d25a2816af9642ead2cd3a831"
          key="30654"
          mal_id={30654}
          title="Ansatsu Kyoushitsu 2nd Season"
        />
        <WithStyles(AnimePreview)
          image_url="https://myanimelist.cdn-dena.com/images/anime/3/45028.jpg?s=bf58ff0c0759f78bf968a74ec535d0d2"
          key="2921"
          mal_id={2921}
          title="Ashita no Joe 2"
        />
        <WithStyles(AnimePreview)
          image_url="https://myanimelist.cdn-dena.com/images/anime/8/41125.jpg?s=78a6e73a2cd5856b28d8c182cd5a1a22"
          key="11741"
          mal_id={11741}
          title="Fate/Zero 2nd Season"
        />
        <WithStyles(AnimePreview)
          image_url="https://myanimelist.cdn-dena.com/images/anime/3/79156.jpg?s=9189ddeb4a702d774b985fe16f315a81"
          key="31933"
          mal_id={31933}
          title="JoJo no Kimyou na Bouken: Diamond wa Kudakenai"
        />
        <WithStyles(AnimePreview)
          image_url="https://myanimelist.cdn-dena.com/images/anime/8/82394.jpg?s=f3bc38aa1e6c10580687828856d8dc28"
          key="10379"
          mal_id={10379}
          title="Natsume Yuujinchou San"
        />
        <WithStyles(AnimePreview)
          image_url="https://myanimelist.cdn-dena.com/images/anime/10/58041.jpg?s=fbfd98389b5a6f1a27979446e3f07abe"
          key="22135"
          mal_id={22135}
          title="Ping Pong the Animation"
        />
        <WithStyles(AnimePreview)
          image_url="https://myanimelist.cdn-dena.com/images/anime/10/59315.jpg?s=a45594e7790d4a09b63722ca901cff1c"
          key="21329"
          mal_id={21329}
          title="Mushishi Special: Hihamukage"
        />
        <WithStyles(AnimePreview)
          image_url="https://myanimelist.cdn-dena.com/images/anime/11/81755.jpg?s=54d7dafe4652b04b40d97d5d6d97d18d"
          key="32983"
          mal_id={32983}
          title="Natsume Yuujinchou Go"
        />
        <WithStyles(AnimePreview)
          image_url="https://myanimelist.cdn-dena.com/images/anime/6/89879.jpg?s=273f1505d409ac20eed3e0c255a2f903"
          key="35839"
          mal_id={35839}
          title="Sora yori mo Tooi Basho"
        />
        <WithStyles(AnimePreview)
          image_url="https://myanimelist.cdn-dena.com/images/anime/1599/93798.jpg?s=25fcae332f3ec7c853275af40e4749b3"
          key="33049"
          mal_id={33049}
          title="Fate/stay night Movie: Heaven's Feel - II. Lost Butterfly"
        />
        <WithStyles(AnimePreview)
          image_url="https://myanimelist.cdn-dena.com/images/anime/1085/90759.jpg?s=8f83b0208c61ca766c408f9d9672ee6c"
          key="33674"
          mal_id={33674}
          title="No Game No Life: Zero"
        />
        <WithStyles(AnimePreview)
          image_url="https://myanimelist.cdn-dena.com/images/anime/2/77907.jpg?s=29933c26544d4f41ce39d88c586914b7"
          key="28735"
          mal_id={28735}
          title="Shouwa Genroku Rakugo Shinjuu"
        />
        <WithStyles(AnimePreview)
          image_url="https://myanimelist.cdn-dena.com/images/anime/12/19698.jpg?s=1be69978bb463a9b8284565cbf1bfb2f"
          key="4565"
          mal_id={4565}
          title="Tengen Toppa Gurren Lagann Movie 2: Lagann-hen"
        />
        <WithStyles(AnimePreview)
          image_url="https://myanimelist.cdn-dena.com/images/anime/8/9246.jpg?s=a552ac7cfe25ebecc678cf6a27921a68"
          key="4282"
          mal_id={4282}
          title="Kara no Kyoukai 5: Mujun Rasen"
        />
        <WithStyles(AnimePreview)
          image_url="https://myanimelist.cdn-dena.com/images/anime/1375/93521.jpg?s=d4b7e6cbc3f675048b0f1e33adefe445"
          key="30484"
          mal_id={30484}
          title="Steins;Gate 0"
        />
        <WithStyles(AnimePreview)
          image_url="https://myanimelist.cdn-dena.com/images/anime/1795/95088.jpg?s=9e24a139603a4e0ea8ea055a230b54d5"
          key="33352"
          mal_id={33352}
          title="Violet Evergarden"
        />
        <WithStyles(AnimePreview)
          image_url="https://myanimelist.cdn-dena.com/images/anime/4/79738.jpg?s=dbd5bb99becb12fa6d689196afefa1ff"
          key="5300"
          mal_id={5300}
          title="Zoku Natsume Yuujinchou"
        />
        <WithStyles(AnimePreview)
          image_url="https://myanimelist.cdn-dena.com/images/anime/1140/95174.jpg?s=88742f2cbba1cab8f1c04455853784e0"
          key="36259"
          mal_id={36259}
          title="Pingu in the City"
        />
        <WithStyles(AnimePreview)
          image_url="https://myanimelist.cdn-dena.com/images/anime/9/72697.jpg?s=4752a62572e2172fe039d10d7163a125"
          key="6114"
          mal_id={6114}
          title="Rainbow: Nisha Rokubou no Shichinin"
        />
        <WithStyles(AnimePreview)
          image_url="https://myanimelist.cdn-dena.com/images/anime/1022/96168.jpg?s=f029ef4f042b18083f8378d1047dd780"
          key="36999"
          mal_id={36999}
          title="Zoku Owarimonogatari"
        />
        <WithStyles(AnimePreview)
          image_url="https://myanimelist.cdn-dena.com/images/anime/6/77623.jpg?s=9423b1d79350b92de1c3a4babb29ea6b"
          key="3297"
          mal_id={3297}
          title="Aria The Origination"
        />
        <WithStyles(AnimePreview)
          image_url="https://myanimelist.cdn-dena.com/images/anime/11/88325.jpg?s=01d05bdfad24f28a33faa4c5177eb02f"
          key="35843"
          mal_id={35843}
          title="Gintama.: Porori-hen"
        />
        <WithStyles(AnimePreview)
          image_url="https://myanimelist.cdn-dena.com/images/anime/11/75045.jpg?s=f50d24a2193eebe6b4cf0324cc93333c"
          key="26055"
          mal_id={26055}
          title="JoJo no Kimyou na Bouken: Stardust Crusaders 2nd Season"
        />
        <WithStyles(AnimePreview)
          image_url="https://myanimelist.cdn-dena.com/images/anime/11/80167.jpg?s=1c4f87499deea4f4dbc09805e23bf243"
          key="33255"
          mal_id={33255}
          title="Saiki Kusuo no Î¨-nan"
        />
        <WithStyles(AnimePreview)
          image_url="https://myanimelist.cdn-dena.com/images/anime/3/50317.jpg?s=39eba79520b244bdb5bff2f92beba403"
          key="11577"
          mal_id={11577}
          title="Steins;Gate Movie: Fuka Ryouiki no DÃ©jÃ  vu"
        />
        <WithStyles(AnimePreview)
          image_url="https://myanimelist.cdn-dena.com/images/anime/4/28803.jpg?s=1a07403e7ad052636b75f341dc5d2b73"
          key="7472"
          mal_id={7472}
          title="Gintama Movie 1: Shinyaku Benizakura-hen"
        />
        <WithStyles(AnimePreview)
          image_url="https://myanimelist.cdn-dena.com/images/anime/7/75808.jpg?s=ced3a39f507fbd93b4f63edd9d1650b8"
          key="578"
          mal_id={578}
          title="Hotaru no Haka"
        />
        <WithStyles(AnimePreview)
          image_url="https://myanimelist.cdn-dena.com/images/anime/11/89556.jpg?s=c81e5bf28128120f3ebe27b03bb2e527"
          key="35851"
          mal_id={35851}
          title="Sayonara no Asa ni Yakusoku no Hana wo Kazarou"
        />
        <WithStyles(AnimePreview)
          image_url="https://myanimelist.cdn-dena.com/images/anime/7/37573.jpg?s=06ec6a5082edeba2a16056a042858ab5"
          key="12431"
          mal_id={12431}
          title="Uchuu Kyoudai"
        />
        <WithStyles(AnimePreview)
          image_url="https://myanimelist.cdn-dena.com/images/anime/10/77957.jpg?s=27f147795f08191cf1a96a2b50e1756c"
          key="31043"
          mal_id={31043}
          title="Boku dake ga Inai Machi"
        />
        <WithStyles(AnimePreview)
          image_url="https://myanimelist.cdn-dena.com/images/anime/11/51465.jpg?s=5d411960b4994b7a75d98e4de5611c57"
          key="801"
          mal_id={801}
          title="Ghost in the Shell: Stand Alone Complex 2nd GIG"
        />
        <WithStyles(AnimePreview)
          image_url="https://myanimelist.cdn-dena.com/images/anime/12/86890.jpg?s=bfc7954502569ff5c4d3533dcde8230f"
          key="170"
          mal_id={170}
          title="Slam Dunk"
        />
        <WithStyles(AnimePreview)
          image_url="https://myanimelist.cdn-dena.com/images/anime/5/79697.jpg?s=c664a137ce3f854a2343cf39921ae579"
          key="9989"
          mal_id={9989}
          title="Ano Hi Mita Hana no Namae wo Bokutachi wa Mada Shiranai."
        />
        <WithStyles(AnimePreview)
          image_url="https://myanimelist.cdn-dena.com/images/anime/6/73245.jpg?s=f792b8c9e28534ae455d06b15e686a14"
          key="21"
          mal_id={21}
          title="One Piece"
        />
        <WithStyles(AnimePreview)
          image_url="https://myanimelist.cdn-dena.com/images/anime/1301/93586.jpg?s=f19bb396363ae0caf8f1e1e8c17b49ac"
          key="37450"
          mal_id={37450}
          title="Seishun Buta Yarou wa Bunny Girl Senpai no Yume wo Minai"
        />
        <WithStyles(AnimePreview)
          image_url="https://myanimelist.cdn-dena.com/images/anime/8/38229.jpg?s=1f72de1c20691367cd59425dd397c5d7"
          key="10408"
          mal_id={10408}
          title="Hotarubi no Mori e"
        />
        <WithStyles(AnimePreview)
          image_url="https://myanimelist.cdn-dena.com/images/anime/9/75218.jpg?s=2a0ccaba4c466d690270815f23a3b650"
          key="5028"
          mal_id={5028}
          title="Major S5"
        />
        <WithStyles(AnimePreview)
          image_url="https://myanimelist.cdn-dena.com/images/anime/1933/97061.jpg?s=6732fdb134f0389becbd88a16069c82e"
          key="37520"
          mal_id={37520}
          title="Dororo"
        />
        <WithStyles(AnimePreview)
          image_url="https://myanimelist.cdn-dena.com/images/anime/6/7333.jpg?s=00a2f1443aaff74d48d9a5547db67cc3"
          key="777"
          mal_id={777}
          title="Hellsing Ultimate"
        />
        <WithStyles(AnimePreview)
          image_url="https://myanimelist.cdn-dena.com/images/anime/3/81250.jpg?s=0f36fe7a3f5ee0bc66190c5a1feef8a1"
          key="30709"
          mal_id={30709}
          title="Kamisama Hajimemashita: Kako-hen"
        />
        <WithStyles(AnimePreview)
          image_url="https://myanimelist.cdn-dena.com/images/anime/4/68299.jpg?s=047c586d552e0b0ea90cb19074fb6ea8"
          key="24415"
          mal_id={24415}
          title="Kuroko no Basket 3rd Season"
        />
      </WithStyles(Grid)>
    </div>
  </InfiniteScroll>
</SideEffect(DocumentTitle)>
`;
